// Jest Snapshot v1, https://goo.gl/fbAQLP

exports[`AddCategory Debe de cambiar la caja de texto 1`] = `
<form
  onSubmit={[Function]}
>
  <input
    onChange={[Function]}
    type="text"
    value=""
  />
</form>
`;

exports[`AddCategory Debe de llamar al setCategories y limpiar la caja de texto 1`] = `
<form
  onSubmit={[Function]}
>
  <input
    onChange={[Function]}
    type="text"
    value=""
  />
</form>
`;

exports[`AddCategory No debe de postear la informaci√≥n con submit 1`] = `
<form
  onSubmit={[Function]}
>
  <input
    onChange={[Function]}
    type="text"
    value=""
  />
</form>
`;
