// Jest Snapshot v1, https://goo.gl/fbAQLP

exports[` 1`] = `
<div
  className="card animate__animated animate__fadeIn"
>
  <img
    alt="Titulo"
    src="http://localhost:8080/img.jpeg"
  />
  <p>
    Titulo
  </p>
</div>
`;
