// Jest Snapshot v1, https://goo.gl/fbAQLP

exports[`PrimeraApp Debe de mostrar el <PrimeraApp /> correctamente 1`] = `
<Fragment>
  <h1>
    Hola mundo
  </h1>
  <p>
    Soy un subtitulo
  </p>
</Fragment>
`;
